// Jest Snapshot v1, https://goo.gl/fbAQLP

exports[`App component should match latest snapshot 1`] = `
<styled.section>
  <Wrapper />
</styled.section>
`;
