// Jest Snapshot v1, https://goo.gl/fbAQLP

exports[`LandmarkMapComponent should match latest snapshot 1`] = `<DefaultLoadingContainer />`;
